******************************************************************************
                  TI ARM Linker PC v20.2.5                     
******************************************************************************
>> Linked Mon Jan 30 01:07:32 2023

OUTPUT FILE NAME:   <ADC4.out>
ENTRY POINT SYMBOL: "_c_int00_noargs"  address: 00003061


MEMORY CONFIGURATION

         name            origin    length      used     unused   attr    fill
----------------------  --------  ---------  --------  --------  ----  --------
  FLASH                 00000000   00040000  00003377  0003cc89  R  X
  SRAM                  20000000   00008000  00000508  00007af8  RW X


SEGMENT ALLOCATION MAP

run origin  load origin   length   init length attrs members
----------  ----------- ---------- ----------- ----- -------
00000000    00000000    00003378   00003378    r-x
  00000000    00000000    0000026c   0000026c    r-- .intvecs
  0000026c    0000026c    00002fd2   00002fd2    r-x .text
  0000323e    0000323e    00000101   00000101    r-- .const
  00003340    00003340    00000038   00000038    r-- .cinit
20000000    20000000    00000508   00000000    rw-
  20000000    20000000    00000400   00000000    rw- .stack
  20000400    20000400    000000e0   00000000    rw- .data
  200004e0    200004e0    00000018   00000000    rw- .bss
  200004f8    200004f8    00000010   00000000    rw- .sysmem


SECTION ALLOCATION MAP

 output                                  attributes/
section   page    origin      length       input sections
--------  ----  ----------  ----------   ----------------
.intvecs   0    00000000    0000026c     
                  00000000    0000026c     tm4c123gh6pm_startup_ccs.obj (.intvecs)

.text      0    0000026c    00002fd2     
                  0000026c    00000a4e     rtsv7M4_T_le_v4SPD16_eabi.lib : _printfi.c.obj (.text:__TI_printfi)
                  00000cba    00000002                                   : _lock.c.obj (.text:_nop)
                  00000cbc    00000340     PWM.obj (.text)
                  00000ffc    000002ec     UART.obj (.text)
                  000012e8    00000290     ADC.obj (.text)
                  00001578    00000270     rtsv7M4_T_le_v4SPD16_eabi.lib : _printfi.c.obj (.text:_pconv_a)
                  000017e8    000001d0                                   : _printfi.c.obj (.text:_pconv_g)
                  000019b8    000001b6                                   : fd_add_t2.asm.obj (.text)
                  00001b6e    00000002                                   : div0.asm.obj (.text)
                  00001b70    0000013c                                   : _printfi.c.obj (.text:_pconv_e)
                  00001cac    00000136                                   : fd_div_t2.asm.obj (.text)
                  00001de2    00000002     --HOLE-- [fill = 0]
                  00001de4    00000124                                   : _printfi.c.obj (.text:fcvt)
                  00001f08    00000110                                   : s_scalbn.c.obj (.text:scalbn)
                  00002018    00000100                                   : memory.c.obj (.text:aligned_alloc)
                  00002118    000000fc                                   : fd_mul_t2.asm.obj (.text)
                  00002214    000000f8                                   : s_floor.c.obj (.text:floor)
                  0000230c    000000e4                                   : memory.c.obj (.text:free)
                  000023f0    000000e4                                   : memory.c.obj (.text:realloc)
                  000024d4    000000cc     GPIO.obj (.text)
                  000025a0    000000c4     rtsv7M4_T_le_v4SPD16_eabi.lib : s_round.c.obj (.text:round)
                  00002664    000000c0     main.obj (.text)
                  00002724    000000b1     rtsv7M4_T_le_v4SPD16_eabi.lib : _printfi.c.obj (.text:_ltostr)
                  000027d5    00000001     --HOLE-- [fill = 0]
                  000027d6    0000009c                                   : memcpy_t2.asm.obj (.text)
                  00002872    00000096                                   : ull_div_t2.asm.obj (.text)
                  00002908    00000094     SYSTICK.obj (.text)
                  0000299c    00000086     rtsv7M4_T_le_v4SPD16_eabi.lib : fd_cmp_t2.asm.obj (.text:__aeabi_cdcmple)
                  00002a22    00000086                                   : fd_cmp_t2.asm.obj (.text:__aeabi_cdrcmple)
                  00002aa8    0000007c     PLL.obj (.text)
                  00002b24    0000007a     rtsv7M4_T_le_v4SPD16_eabi.lib : memset_t2.asm.obj (.text)
                  00002b9e    00000002     --HOLE-- [fill = 0]
                  00002ba0    00000070                                   : memory.c.obj (.text:split)
                  00002c10    0000006e                                   : _printfi.c.obj (.text:_mcpy)
                  00002c7e    00000068                                   : copy_decompress_lzss.c.obj (.text:decompress:lzss:__TI_decompress_lzss)
                  00002ce6    00000002     --HOLE-- [fill = 0]
                  00002ce8    00000064                                   : s_frexp.c.obj (.text:frexp)
                  00002d4c    00000056                                   : _printfi.c.obj (.text:_pconv_f)
                  00002da2    00000054                                   : _ltoa.c.obj (.text:__TI_ltoa)
                  00002df6    00000052                                   : _printfi.c.obj (.text:_ecpy)
                  00002e48    0000004c                                   : atoi.c.obj (.text:atoi)
                  00002e94    0000004c                                   : s_lround.c.obj (.text:lround)
                  00002ee0    00000048                                   : fd_toi_t2.asm.obj (.text)
                  00002f28    00000044                                   : autoinit.c.obj (.text:__TI_auto_init_nobinit_nopinit:__TI_auto_init_nobinit_nopinit)
                  00002f6c    00000040                                   : sprintf.c.obj (.text:sprintf)
                  00002fac    0000003e                                   : _printfi.c.obj (.text:_fcpy)
                  00002fea    00000002     --HOLE-- [fill = 0]
                  00002fec    0000003c                                   : signal.c.obj (.text:signal)
                  00003028    00000038                                   : memory.c.obj (.text:calloc)
                  00003060    00000034                                   : boot_cortex_m.c.obj (.text:_c_int00_noargs:_c_int00_noargs)
                  00003094    0000002e                                   : signal.c.obj (.text:raise)
                  000030c2    0000002e                                   : i_tofd_t2.asm.obj (.text)
                  000030f0    00000028                                   : memory.c.obj (.text:free_list_insert)
                  00003118    00000020                                   : u_tofd_t2.asm.obj (.text)
                  00003138    0000001c                                   : copy_zero_init.c.obj (.text:decompress:ZI:__TI_zero_init_nomemset:__TI_zero_init_nomemset)
                  00003154    0000001c                                   : memory.c.obj (.text:free_list_remove)
                  00003170    0000001c                                   : memccpy.c.obj (.text:memccpy)
                  0000318c    0000001a                                   : s_copysign.c.obj (.text:copysign)
                  000031a6    00000018                                   : sprintf.c.obj (.text:_outs)
                  000031be    00000016                                   : strchr.c.obj (.text:strchr)
                  000031d4    00000014                                   : strlen.c.obj (.text:strlen)
                  000031e8    00000012                                   : wcslen.c.obj (.text:wcslen)
                  000031fa    0000000e                                   : copy_decompress_none.c.obj (.text:decompress:none:__TI_decompress_none)
                  00003208    0000000c     tm4c123gh6pm_startup_ccs.obj (.text)
                  00003214    0000000a     rtsv7M4_T_le_v4SPD16_eabi.lib : sprintf.c.obj (.text:_outc)
                  0000321e    00000002     --HOLE-- [fill = 0]
                  00003220    00000008                                   : errno.c.obj (.text:__aeabi_errno_addr)
                  00003228    00000008                                   : memory.c.obj (.text:malloc)
                  00003230    00000006                                   : ti_fenv.c.obj (.text:__softfloat_float_raise)
                  00003236    00000004                                   : pre_init.c.obj (.text:_system_pre_init)
                  0000323a    00000004                                   : exit.c.obj (.text:abort:abort)

.const     0    0000323e    00000101     
                  0000323e    00000101     rtsv7M4_T_le_v4SPD16_eabi.lib : ctype.c.obj (.const:.string:_ctypes_)

.cinit     0    00003340    00000038     
                  00003340    00000013     (.cinit..data.load) [load image, compression = lzss]
                  00003353    00000001     --HOLE-- [fill = 0]
                  00003354    0000000c     (__TI_handler_table)
                  00003360    00000008     (.cinit..bss.load) [load image, compression = zero_init]
                  00003368    00000010     (__TI_cinit_table)

.init_array 
*          0    00000000    00000000     UNINITIALIZED

.stack     0    20000000    00000400     UNINITIALIZED
                  20000000    00000004     rtsv7M4_T_le_v4SPD16_eabi.lib : boot_cortex_m.c.obj (.stack)
                  20000004    000003fc     --HOLE--

.data      0    20000400    000000e0     UNINITIALIZED
                  20000400    00000080     rtsv7M4_T_le_v4SPD16_eabi.lib : signal.c.obj (.data:sigTable)
                  20000480    00000040     main.obj (.data:data_str)
                  200004c0    0000000c     main.obj (.data:adc_data)
                  200004cc    00000008     rtsv7M4_T_le_v4SPD16_eabi.lib : _lock.c.obj (.data:$O1$$)
                  200004d4    00000008                                   : memory.c.obj (.data:$O1$$)
                  200004dc    00000004                                   : errno.c.obj (.data)

.bss       0    200004e0    00000018     UNINITIALIZED
                  200004e0    00000004     (.common:duty0)
                  200004e4    00000004     (.common:duty1)
                  200004e8    00000004     (.common:duty2)
                  200004ec    00000004     (.common:duty3)
                  200004f0    00000004     (.common:duty4)
                  200004f4    00000004     (.common:duty5)

.sysmem    0    200004f8    00000010     UNINITIALIZED
                  200004f8    00000010     rtsv7M4_T_le_v4SPD16_eabi.lib : memory.c.obj (.sysmem)

__llvm_prf_cnts 
*          0    20000000    00000000     UNINITIALIZED

MODULE SUMMARY

       Module                         code    ro data   rw data
       ------                         ----    -------   -------
    .\
       tm4c123gh6pm_startup_ccs.obj   12      620       0      
       main.obj                       192     0         100    
    +--+------------------------------+-------+---------+---------+
       Total:                         204     620       100    
                                                               
    .\ADC\
       ADC.obj                        656     0         0      
    +--+------------------------------+-------+---------+---------+
       Total:                         656     0         0      
                                                               
    .\GPIO\
       GPIO.obj                       204     0         0      
    +--+------------------------------+-------+---------+---------+
       Total:                         204     0         0      
                                                               
    .\PLL\
       PLL.obj                        124     0         0      
    +--+------------------------------+-------+---------+---------+
       Total:                         124     0         0      
                                                               
    .\PWM\
       PWM.obj                        832     0         0      
    +--+------------------------------+-------+---------+---------+
       Total:                         832     0         0      
                                                               
    .\SYSTICK\
       SYSTICK.obj                    148     0         0      
    +--+------------------------------+-------+---------+---------+
       Total:                         148     0         0      
                                                               
    .\UART\
       UART.obj                       748     0         0      
    +--+------------------------------+-------+---------+---------+
       Total:                         748     0         0      
                                                               
    D:\PROGRAMAS\ccs\tools\compiler\ti-cgt-arm_20.2.5.LTS\lib\rtsv7M4_T_le_v4SPD16_eabi.lib
       _printfi.c.obj                 4851    0         0      
       memory.c.obj                   956     0         8      
       fd_add_t2.asm.obj              438     0         0      
       fd_div_t2.asm.obj              310     0         0      
       s_scalbn.c.obj                 272     0         0      
       fd_cmp_t2.asm.obj              268     0         0      
       ctype.c.obj                    0       257       0      
       fd_mul_t2.asm.obj              252     0         0      
       s_floor.c.obj                  248     0         0      
       signal.c.obj                   106     0         128    
       s_round.c.obj                  196     0         0      
       memcpy_t2.asm.obj              156     0         0      
       ull_div_t2.asm.obj             150     0         0      
       memset_t2.asm.obj              122     0         0      
       copy_decompress_lzss.c.obj     104     0         0      
       s_frexp.c.obj                  100     0         0      
       sprintf.c.obj                  98      0         0      
       _ltoa.c.obj                    84      0         0      
       atoi.c.obj                     76      0         0      
       s_lround.c.obj                 76      0         0      
       fd_toi_t2.asm.obj              72      0         0      
       autoinit.c.obj                 68      0         0      
       boot_cortex_m.c.obj            52      0         0      
       i_tofd_t2.asm.obj              46      0         0      
       u_tofd_t2.asm.obj              32      0         0      
       copy_zero_init.c.obj           28      0         0      
       memccpy.c.obj                  28      0         0      
       s_copysign.c.obj               26      0         0      
       strchr.c.obj                   22      0         0      
       strlen.c.obj                   20      0         0      
       wcslen.c.obj                   18      0         0      
       copy_decompress_none.c.obj     14      0         0      
       errno.c.obj                    8       0         4      
       _lock.c.obj                    2       0         8      
       ti_fenv.c.obj                  6       0         0      
       exit.c.obj                     4       0         0      
       pre_init.c.obj                 4       0         0      
       div0.asm.obj                   2       0         0      
    +--+------------------------------+-------+---------+---------+
       Total:                         9315    257       148    
                                                               
       Heap:                          0       0         16     
       Stack:                         0       0         1024   
       Linker Generated:              0       55        0      
    +--+------------------------------+-------+---------+---------+
       Grand Total:                   12231   932       1288   


LINKER GENERATED COPY TABLES

__TI_cinit_table @ 00003368 records: 2, size/record: 8, table size: 16
	.data: load addr=00003340, load size=00000013 bytes, run addr=20000400, run size=000000e0 bytes, compression=lzss
	.bss: load addr=00003360, load size=00000008 bytes, run addr=200004e0, run size=00000018 bytes, compression=zero_init


LINKER GENERATED HANDLER TABLE

__TI_handler_table @ 00003354 records: 3, size/record: 4, table size: 12
	index: 0, handler: __TI_decompress_lzss
	index: 1, handler: __TI_decompress_none
	index: 2, handler: __TI_zero_init


GLOBAL SYMBOLS: SORTED ALPHABETICALLY BY Name 

address   name                          
-------   ----                          
000012e9  ADC_config_modulo_0           
000013cf  ADC_leer_canal                
0000323b  C$$EXIT                       
000024d5  Configurar_GPIO               
00000cbd  Configurar_PWM0               
00000d6d  Configurar_PWM3               
00000e1f  Configurar_PWM5               
00000ed3  Configurar_PWM6               
00002909  Configurar_SysTick            
00000ffd  Configurar_UART3              
00002665  Delay                         
00000f85  PWM0_GEN0_ISR                 
00003209  ResetISR                      
00001107  Rx_char                       
0000112d  Rx_string                     
0000118d  Rx_string2                    
00002aa9  SetSystemClock_MHz            
00002923  SysTick_espera                
0000295b  SysTick_ms                    
000011f3  Tx_char                       
0000120f  Tx_string                     
20000400  __STACK_END                   
00000400  __STACK_SIZE                  
20000200  __STACK_TOP                   
00000010  __SYSMEM_SIZE                 
00003368  __TI_CINIT_Base               
00003378  __TI_CINIT_Limit              
00003354  __TI_Handler_Table_Base       
00003360  __TI_Handler_Table_Limit      
00002f29  __TI_auto_init_nobinit_nopinit
00002c7f  __TI_decompress_lzss          
000031fb  __TI_decompress_none          
00002da3  __TI_ltoa                     
ffffffff  __TI_pprof_out_hndl           
0000026d  __TI_printfi                  
ffffffff  __TI_prof_data_size           
ffffffff  __TI_prof_data_start          
00000000  __TI_static_base__            
00003139  __TI_zero_init_nomemset       
0000299d  __aeabi_cdcmpeq               
0000299d  __aeabi_cdcmple               
00002a23  __aeabi_cdrcmple              
00002ee1  __aeabi_d2iz                  
000019c3  __aeabi_dadd                  
00001cad  __aeabi_ddiv                  
00002119  __aeabi_dmul                  
000019b9  __aeabi_dsub                  
00003221  __aeabi_errno_addr            
000030c3  __aeabi_i2d                   
00001b6f  __aeabi_idiv0                 
00001b6f  __aeabi_ldiv0                 
00002b25  __aeabi_memclr                
00002b25  __aeabi_memclr4               
00002b25  __aeabi_memclr8               
000027d7  __aeabi_memcpy                
000027d7  __aeabi_memcpy4               
000027d7  __aeabi_memcpy8               
00002b27  __aeabi_memset                
00002b27  __aeabi_memset4               
00002b27  __aeabi_memset8               
00003119  __aeabi_ui2d                  
00002873  __aeabi_uldivmod              
ffffffff  __binit__                     
ffffffff  __c_args__                    
UNDEFED   __mpu_init                    
00003231  __softfloat_float_raise       
20000000  __stack                       
20000000  __start___llvm_prf_cnts       
20000000  __stop___llvm_prf_cnts        
00003061  _c_int00_noargs               
0000323e  _ctypes_                      
200004cc  _lock                         
00000cbb  _nop                          
200004f8  _sys_memory                   
UNDEFED   _system_post_cinit            
00003237  _system_pre_init              
200004d0  _unlock                       
0000323b  abort                         
200004c0  adc_data                      
00002019  aligned_alloc                 
00002e49  atoi                          
ffffffff  binit                         
00003029  calloc                        
0000318d  copysign                      
0000318d  copysignl                     
20000480  data_str                      
200004e0  duty0                         
200004e4  duty1                         
200004e8  duty2                         
200004ec  duty3                         
200004f0  duty4                         
200004f4  duty5                         
200004dc  errno                         
00002215  floor                         
00002215  floorl                        
0000230d  free                          
00002ce9  frexp                         
00002ce9  frexpl                        
00000000  g_pfnVectors                  
00002515  habilitar_IntGPIO             
000010ed  habilitar_IntUART3            
00001231  invertir_string               
00001f09  ldexp                         
00001f09  ldexpl                        
00002e95  lround                        
00002683  main                          
00003229  malloc                        
00002019  memalign                      
00003171  memccpy                       
000027d7  memcpy                        
00002b2d  memset                        
00003095  raise                         
000023f1  realloc                       
000025a1  round                         
000025a1  roundl                        
00001f09  scalbn                        
00001f09  scalbnl                       
00002fed  signal                        
00002f6d  sprintf                       
000031bf  strchr                        
000031d5  strlen                        
000031e9  wcslen                        


GLOBAL SYMBOLS: SORTED BY Symbol Address 

address   name                          
-------   ----                          
00000000  __TI_static_base__            
00000000  g_pfnVectors                  
00000010  __SYSMEM_SIZE                 
0000026d  __TI_printfi                  
00000400  __STACK_SIZE                  
00000cbb  _nop                          
00000cbd  Configurar_PWM0               
00000d6d  Configurar_PWM3               
00000e1f  Configurar_PWM5               
00000ed3  Configurar_PWM6               
00000f85  PWM0_GEN0_ISR                 
00000ffd  Configurar_UART3              
000010ed  habilitar_IntUART3            
00001107  Rx_char                       
0000112d  Rx_string                     
0000118d  Rx_string2                    
000011f3  Tx_char                       
0000120f  Tx_string                     
00001231  invertir_string               
000012e9  ADC_config_modulo_0           
000013cf  ADC_leer_canal                
000019b9  __aeabi_dsub                  
000019c3  __aeabi_dadd                  
00001b6f  __aeabi_idiv0                 
00001b6f  __aeabi_ldiv0                 
00001cad  __aeabi_ddiv                  
00001f09  ldexp                         
00001f09  ldexpl                        
00001f09  scalbn                        
00001f09  scalbnl                       
00002019  aligned_alloc                 
00002019  memalign                      
00002119  __aeabi_dmul                  
00002215  floor                         
00002215  floorl                        
0000230d  free                          
000023f1  realloc                       
000024d5  Configurar_GPIO               
00002515  habilitar_IntGPIO             
000025a1  round                         
000025a1  roundl                        
00002665  Delay                         
00002683  main                          
000027d7  __aeabi_memcpy                
000027d7  __aeabi_memcpy4               
000027d7  __aeabi_memcpy8               
000027d7  memcpy                        
00002873  __aeabi_uldivmod              
00002909  Configurar_SysTick            
00002923  SysTick_espera                
0000295b  SysTick_ms                    
0000299d  __aeabi_cdcmpeq               
0000299d  __aeabi_cdcmple               
00002a23  __aeabi_cdrcmple              
00002aa9  SetSystemClock_MHz            
00002b25  __aeabi_memclr                
00002b25  __aeabi_memclr4               
00002b25  __aeabi_memclr8               
00002b27  __aeabi_memset                
00002b27  __aeabi_memset4               
00002b27  __aeabi_memset8               
00002b2d  memset                        
00002c7f  __TI_decompress_lzss          
00002ce9  frexp                         
00002ce9  frexpl                        
00002da3  __TI_ltoa                     
00002e49  atoi                          
00002e95  lround                        
00002ee1  __aeabi_d2iz                  
00002f29  __TI_auto_init_nobinit_nopinit
00002f6d  sprintf                       
00002fed  signal                        
00003029  calloc                        
00003061  _c_int00_noargs               
00003095  raise                         
000030c3  __aeabi_i2d                   
00003119  __aeabi_ui2d                  
00003139  __TI_zero_init_nomemset       
00003171  memccpy                       
0000318d  copysign                      
0000318d  copysignl                     
000031bf  strchr                        
000031d5  strlen                        
000031e9  wcslen                        
000031fb  __TI_decompress_none          
00003209  ResetISR                      
00003221  __aeabi_errno_addr            
00003229  malloc                        
00003231  __softfloat_float_raise       
00003237  _system_pre_init              
0000323b  C$$EXIT                       
0000323b  abort                         
0000323e  _ctypes_                      
00003354  __TI_Handler_Table_Base       
00003360  __TI_Handler_Table_Limit      
00003368  __TI_CINIT_Base               
00003378  __TI_CINIT_Limit              
20000000  __stack                       
20000000  __start___llvm_prf_cnts       
20000000  __stop___llvm_prf_cnts        
20000200  __STACK_TOP                   
20000400  __STACK_END                   
20000480  data_str                      
200004c0  adc_data                      
200004cc  _lock                         
200004d0  _unlock                       
200004dc  errno                         
200004e0  duty0                         
200004e4  duty1                         
200004e8  duty2                         
200004ec  duty3                         
200004f0  duty4                         
200004f4  duty5                         
200004f8  _sys_memory                   
ffffffff  __TI_pprof_out_hndl           
ffffffff  __TI_prof_data_size           
ffffffff  __TI_prof_data_start          
ffffffff  __binit__                     
ffffffff  __c_args__                    
ffffffff  binit                         
UNDEFED   __mpu_init                    
UNDEFED   _system_post_cinit            

[122 symbols]
